// Jest Snapshot v1, https://goo.gl/fbAQLP

exports[`Div takes the color from props 1`] = `
.c0 {
  background-color: chocolate;
  color: red;
}

<div
  className="c0"
>
  Facebook
</div>
`;
