// Jest Snapshot v1, https://goo.gl/fbAQLP

exports[`Extend a styled div 1`] = `
.c0 {
  color: red;
}

<div
  className="c0"
/>
`;

exports[`Extend a styled div 2`] = `
.c0 {
  color: red;
  color: red;
}

<div
  className="c0"
/>
`;
