// Jest Snapshot v1, https://goo.gl/fbAQLP

exports[`String characters @url 1`] = `
.c0 {
  background-image: url('images/lamp-post.png?v=1');
}

<div
  className="c0"
/>
`;
